#
# There is insufficient memory for the Java Runtime Environment to continue.
# Native memory allocation (malloc) failed to allocate 1661984 bytes. Error detail: Chunk::new
# Possible reasons:
#   The system is out of physical RAM or swap space
#   This process is running with CompressedOops enabled, and the Java Heap may be blocking the growth of the native heap
# Possible solutions:
#   Reduce memory load on the system
#   Increase physical memory or swap space
#   Check if swap backing store is full
#   Decrease Java heap size (-Xmx/-Xms)
#   Decrease number of Java threads
#   Decrease Java thread stack sizes (-Xss)
#   Set larger code cache with -XX:ReservedCodeCacheSize=
#   JVM is running with Unscaled Compressed Oops mode in which the Java heap is
#     placed in the first 4GB address space. The Java Heap base address is the
#     maximum limit for the native heap growth. Please use -XX:HeapBaseMinAddress
#     to set the Java Heap base and to place the Java Heap above 4GB virtual address.
# This output file may be truncated or incomplete.
#
#  Out of Memory Error (arena.cpp:168), pid=37132, tid=37492
#
# JRE version: OpenJDK Runtime Environment Temurin-21.0.12.1+1 (21.0.12.1+1) (build 21.0.12.1+1-LTS)
# Java VM: OpenJDK 64-Bit Server VM Temurin-21.0.12.1+1 (21.0.12.1+1-LTS, mixed mode, sharing, tiered, compressed oops, compressed class ptrs, parallel gc, windows-amd64)
# No core dump will be written. Minidumps are not enabled by default on client versions of Windows
#

---------------  S U M M A R Y ------------

Command Line: --add-modules=ALL-SYSTEM --add-opens=java.base/java.util=ALL-UNNAMED --add-opens=java.base/java.lang=ALL-UNNAMED --add-opens=java.base/sun.nio.fs=ALL-UNNAMED -Declipse.application=org.eclipse.jdt.ls.core.id1 -Dosgi.bundles.defaultStartLevel=4 -Declipse.product=org.eclipse.jdt.ls.core.product -Djava.import.generatesMetadataFilesAtProjectRoot=false -Dm2e.project.cache.size=50 -DDetectVMInstallationsJob.disabled=true -Dfile.encoding=utf8 -XX:+UseParallelGC -XX:GCTimeRatio=4 -XX:AdaptiveSizePolicyWeight=90 -Dsun.zip.disableMemoryMapping=true -Xmx2G -Xms100m -Xlog:disable -javaagent:c:\Users\WINDOWS\.vscode\extensions\redhat.java-1.56.0-win32-x64\lombok\lombok-1.18.39-4050.jar c:\Users\WINDOWS\.vscode\extensions\redhat.java-1.56.0-win32-x64\server\plugins\org.eclipse.equinox.launcher_1.8.0.v20260804-1928.jar -configuration c:\Users\WINDOWS\AppData\Roaming\Code\User\globalStorage\redhat.java\1.56.0\config_ss_win -data c:\Users\WINDOWS\AppData\Roaming\Code\User\workspaceStorage\75f8e4327827bab21d5fcbd8a2233acc\redhat.java\ss_ws --pipe=\\.\pipe\lsp-9d79592647fb3cc689e4d9d3ebedc5a2-sock

Host: AMD Ryzen 5 4600H with Radeon Graphics         , 12 cores, 7G,  Windows 11 , 64 bit Build 26100 (10.0.26100.9444)
Time: Sun Sep 20 11:05:07 2026 Hora estándar central (México) elapsed time: 8.655229 seconds (0d 0h 0m 8s)

---------------  T H R E A D  ---------------

Current thread (0x0000021a6841c370):  JavaThread "C2 CompilerThread0" daemon [_thread_in_native, id=37492, stack(0x000000376be00000,0x000000376bf00000) (1024K)]


Current CompileTask:
C2:8656 2648       4       org.lombokweb.asm.ClassReader::readMethod (1070 bytes)

Stack: [0x000000376be00000,0x000000376bf00000]
Native frames: (J=compiled Java code, j=interpreted, Vv=VM code, C=native code)
V  [jvm.dll+0x6d83e9]
V  [jvm.dll+0x8b5736]
V  [jvm.dll+0x8b7cee]
V  [jvm.dll+0x8b83d3]
V  [jvm.dll+0x284596]
V  [jvm.dll+0xc685d]
V  [jvm.dll+0xc6da1]
V  [jvm.dll+0x3bf18b]
V  [jvm.dll+0x1e3f42]
V  [jvm.dll+0x24c853]
V  [jvm.dll+0x24bce0]
V  [jvm.dll+0x1cb4ae]
V  [jvm.dll+0x25baad]
V  [jvm.dll+0x25a03a]
V  [jvm.dll+0x3f8aae]
V  [jvm.dll+0x8600cd]
V  [jvm.dll+0x6d6c1d]
C  [ucrtbase.dll+0x2cd30]
C  [KERNEL32.DLL+0x2cd87]
C  [ntdll.dll+0xacaec]


---------------  P R O C E S S  ---------------

Threads class SMR info:
_java_thread_list=0x0000021a6d498c90, length=20, elements={
0x0000021a4dc7cd70, 0x0000021a684044b0, 0x0000021a68405b70, 0x0000021a68407b70,
0x0000021a6840a5e0, 0x0000021a6840c500, 0x0000021a6840fa90, 0x0000021a6841c370,
0x0000021a6841dbe0, 0x0000021a68808070, 0x0000021a687cb050, 0x0000021a68a85fe0,
0x0000021a68e2a6e0, 0x0000021a68e2ad50, 0x0000021a68c83210, 0x0000021a6d1c3780,
0x0000021a6d01f860, 0x0000021a6d3b5a10, 0x0000021a6d479da0, 0x0000021a6d478360
}

Java Threads: ( => current thread )
  0x0000021a4dc7cd70 JavaThread "main"                              [_thread_blocked, id=18820, stack(0x000000376b400000,0x000000376b500000) (1024K)]
  0x0000021a684044b0 JavaThread "Reference Handler"          daemon [_thread_blocked, id=7180, stack(0x000000376b800000,0x000000376b900000) (1024K)]
  0x0000021a68405b70 JavaThread "Finalizer"                  daemon [_thread_blocked, id=33260, stack(0x000000376b900000,0x000000376ba00000) (1024K)]
  0x0000021a68407b70 JavaThread "Signal Dispatcher"          daemon [_thread_blocked, id=1624, stack(0x000000376ba00000,0x000000376bb00000) (1024K)]
  0x0000021a6840a5e0 JavaThread "Attach Listener"            daemon [_thread_blocked, id=15584, stack(0x000000376bb00000,0x000000376bc00000) (1024K)]
  0x0000021a6840c500 JavaThread "Service Thread"             daemon [_thread_blocked, id=30084, stack(0x000000376bc00000,0x000000376bd00000) (1024K)]
  0x0000021a6840fa90 JavaThread "Monitor Deflation Thread"   daemon [_thread_blocked, id=23840, stack(0x000000376bd00000,0x000000376be00000) (1024K)]
=>0x0000021a6841c370 JavaThread "C2 CompilerThread0"         daemon [_thread_in_native, id=37492, stack(0x000000376be00000,0x000000376bf00000) (1024K)]
  0x0000021a6841dbe0 JavaThread "C1 CompilerThread0"         daemon [_thread_blocked, id=6368, stack(0x000000376bf00000,0x000000376c000000) (1024K)]
  0x0000021a68808070 JavaThread "Common-Cleaner"             daemon [_thread_blocked, id=18016, stack(0x000000376c000000,0x000000376c100000) (1024K)]
  0x0000021a687cb050 JavaThread "Notification Thread"        daemon [_thread_blocked, id=31344, stack(0x000000376c100000,0x000000376c200000) (1024K)]
  0x0000021a68a85fe0 JavaThread "Active Thread: Equinox Container: a10ca3ff-16c9-4b55-873d-46a642e6a4d3"        [_thread_blocked, id=37320, stack(0x000000376c200000,0x000000376c300000) (1024K)]
  0x0000021a68e2a6e0 JavaThread "Framework Event Dispatcher: Equinox Container: a10ca3ff-16c9-4b55-873d-46a642e6a4d3" daemon [_thread_blocked, id=40204, stack(0x000000376c900000,0x000000376ca00000) (1024K)]
  0x0000021a68e2ad50 JavaThread "Start Level: Equinox Container: a10ca3ff-16c9-4b55-873d-46a642e6a4d3" daemon [_thread_in_Java, id=38124, stack(0x000000376ca00000,0x000000376cb00000) (1024K)]
  0x0000021a68c83210 JavaThread "SCR Component Actor"        daemon [_thread_blocked, id=29544, stack(0x000000376cc00000,0x000000376cd00000) (1024K)]
  0x0000021a6d1c3780 JavaThread "Worker-JM"                         [_thread_blocked, id=22332, stack(0x000000376cd00000,0x000000376ce00000) (1024K)]
  0x0000021a6d01f860 JavaThread "Worker-0"                          [_thread_blocked, id=10372, stack(0x000000376ce00000,0x000000376cf00000) (1024K)]
  0x0000021a6d3b5a10 JavaThread "Worker-1"                          [_thread_blocked, id=25940, stack(0x000000376d100000,0x000000376d200000) (1024K)]
  0x0000021a6d479da0 JavaThread "Worker-2"                          [_thread_blocked, id=228, stack(0x000000376d200000,0x000000376d300000) (1024K)]
  0x0000021a6d478360 JavaThread "Java indexing"              daemon [_thread_blocked, id=38224, stack(0x000000376d300000,0x000000376d400000) (1024K)]
Total: 20

Other Threads:
  0x0000021a4dd3e5c0 VMThread "VM Thread"                           [id=41152, stack(0x000000376b700000,0x000000376b800000) (1024K)]
  0x0000021a662fcb20 WatcherThread "VM Periodic Task Thread"        [id=38968, stack(0x000000376b600000,0x000000376b700000) (1024K)]
  0x0000021a4dc9b2c0 WorkerThread "GC Thread#0"                     [id=25556, stack(0x000000376b500000,0x000000376b600000) (1024K)]
  0x0000021a68b38a20 WorkerThread "GC Thread#1"                     [id=25528, stack(0x000000376c300000,0x000000376c400000) (1024K)]
  0x0000021a68def730 WorkerThread "GC Thread#2"                     [id=13252, stack(0x000000376c400000,0x000000376c500000) (1024K)]
  0x0000021a68defae0 WorkerThread "GC Thread#3"                     [id=2896, stack(0x000000376c500000,0x000000376c600000) (1024K)]
  0x0000021a68b38dd0 WorkerThread "GC Thread#4"                     [id=39108, stack(0x000000376c600000,0x000000376c700000) (1024K)]
  0x0000021a68b39180 WorkerThread "GC Thread#5"                     [id=28720, stack(0x000000376c700000,0x000000376c800000) (1024K)]
  0x0000021a68b39530 WorkerThread "GC Thread#6"                     [id=40380, stack(0x000000376c800000,0x000000376c900000) (1024K)]
  0x0000021a68c839d0 WorkerThread "GC Thread#7"                     [id=16916, stack(0x000000376cb00000,0x000000376cc00000) (1024K)]
  0x0000021a6d3a64a0 WorkerThread "GC Thread#8"                     [id=26592, stack(0x000000376cf00000,0x000000376d000000) (1024K)]
  0x0000021a6d3ecb40 WorkerThread "GC Thread#9"                     [id=40868, stack(0x000000376d000000,0x000000376d100000) (1024K)]
Total: 12

Threads with active compile tasks:
C2 CompilerThread0  8725 2648       4       org.lombokweb.asm.ClassReader::readMethod (1070 bytes)
C1 CompilerThread0  8725 2783       3       java.lang.Character::toUpperCase (9 bytes)
Total: 2

VM state: not at safepoint (normal execution)

VM Mutex/Monitor currently owned by a thread: None

Heap address: 0x0000000080000000, size: 2048 MB, Compressed Oops mode: 32-bit

CDS archive(s) mapped at: [0x0000021a00000000-0x0000021a00ba0000-0x0000021a00ba0000), size 12189696, SharedBaseAddress: 0x0000021a00000000, ArchiveRelocationMode: 1.
Compressed class space mapped at: 0x0000021a01000000-0x0000021a41000000, reserved size: 1073741824
Narrow klass base: 0x0000021a00000000, Narrow klass shift: 0, Narrow klass range: 0x100000000

GC Precious Log:
 CardTable entry size: 512
 CPUs: 12 total, 12 available
 Memory: 7549M
 Large Page Support: Disabled
 NUMA Support: Disabled
 Compressed Oops: Enabled (32-bit)
 Alignments: Space 512K, Generation 512K, Heap 2M
 Heap Min Capacity: 100M
 Heap Initial Capacity: 100M
 Heap Max Capacity: 2G
 Pre-touch: Disabled
 Parallel Workers: 10

Heap:
 PSYoungGen      total 29696K, used 4896K [0x00000000d5580000, 0x00000000d7b00000, 0x0000000100000000)
  eden space 24064K, 20% used [0x00000000d5580000,0x00000000d5a48248,0x00000000d6d00000)
  from space 5632K, 0% used [0x00000000d7380000,0x00000000d7380000,0x00000000d7900000)
  to   space 6656K, 0% used [0x00000000d6d00000,0x00000000d6d00000,0x00000000d7380000)
 ParOldGen       total 68608K, used 10336K [0x0000000080000000, 0x0000000084300000, 0x00000000d5580000)
  object space 68608K, 15% used [0x0000000080000000,0x0000000080a18298,0x0000000084300000)
 Metaspace       used 21358K, committed 21952K, reserved 1114112K
  class space    used 2045K, committed 2304K, reserved 1048576K

Card table byte_map: [0x0000021a61760000,0x0000021a61b70000] _byte_map_base: 0x0000021a61360000

Marking Bits: (ParMarkBitMap*) 0x00007ff8546544a0
 Begin Bits: [0x0000021a61e20000, 0x0000021a63e20000)
 End Bits:   [0x0000021a63e20000, 0x0000021a65e20000)

Polling page: 0x0000021a4d990000

Metaspace:

Usage:
  Non-class:     18.86 MB used.
      Class:      2.00 MB used.
       Both:     20.86 MB used.

Virtual space:
  Non-class space:       64.00 MB reserved,      19.19 MB ( 30%) committed,  1 nodes.
      Class space:        1.00 GB reserved,       2.25 MB ( <1%) committed,  1 nodes.
             Both:        1.06 GB reserved,      21.44 MB (  2%) committed. 

Chunk freelists:
   Non-Class:  12.14 MB
       Class:  13.75 MB
        Both:  25.89 MB

MaxMetaspaceSize: unlimited
CompressedClassSpaceSize: 1.00 GB
Initial GC threshold: 21.00 MB
Current GC threshold: 35.00 MB
CDS: on
 - commit_granule_bytes: 65536.
 - commit_granule_words: 8192.
 - virtual_space_node_default_size: 8388608.
 - enlarge_chunks_in_place: 1.
 - use_allocation_guard: 0.


Internal statistics:

num_allocs_failed_limit: 3.
num_arena_births: 466.
num_arena_deaths: 14.
num_vsnodes_births: 2.
num_vsnodes_deaths: 0.
num_space_committed: 343.
num_space_uncommitted: 0.
num_chunks_returned_to_freelist: 17.
num_chunks_taken_from_freelist: 1265.
num_chunk_merges: 9.
num_chunk_splits: 834.
num_chunks_enlarged: 554.
num_inconsistent_stats: 0.

CodeHeap 'non-profiled nmethods': size=120000Kb used=1084Kb max_used=1084Kb free=118915Kb
 bounds [0x0000021a5a050000, 0x0000021a5a2c0000, 0x0000021a61580000]
CodeHeap 'profiled nmethods': size=120000Kb used=5655Kb max_used=5655Kb free=114344Kb
 bounds [0x0000021a52580000, 0x0000021a52b10000, 0x0000021a59ab0000]
CodeHeap 'non-nmethods': size=5760Kb used=1309Kb max_used=1309Kb free=4450Kb
 bounds [0x0000021a59ab0000, 0x0000021a59d20000, 0x0000021a5a050000]
CodeCache: size=245760Kb, used=8048Kb, max_used=8048Kb, free=237709Kb
 total_blobs=3360, nmethods=2770, adapters=496, full_count=0
Compilation: enabled, stopped_count=0, restarted_count=0

Compilation events (20 events):
Event: 8.579 Thread 0x0000021a6841dbe0 2766  s!   3       org.eclipse.osgi.util.NLS$MessagesProperties::put (154 bytes)
Event: 8.582 Thread 0x0000021a6841dbe0 nmethod 2766 0x0000021a52af2010 code [0x0000021a52af2460, 0x0000021a52af40b8]
Event: 8.582 Thread 0x0000021a6841dbe0 2762       3       java.lang.invoke.DirectMethodHandle::ensureInitialized (8 bytes)
Event: 8.583 Thread 0x0000021a6841dbe0 nmethod 2762 0x0000021a52af4b10 code [0x0000021a52af4d60, 0x0000021a52af55f8]
Event: 8.583 Thread 0x0000021a6841dbe0 2763       3       java.lang.invoke.DirectMethodHandle::ensureInitialized (23 bytes)
Event: 8.584 Thread 0x0000021a6841dbe0 nmethod 2763 0x0000021a52af5910 code [0x0000021a52af5b40, 0x0000021a52af62a0]
Event: 8.584 Thread 0x0000021a6841dbe0 2764       3       java.lang.invoke.DirectMethodHandle::checkInitialized (28 bytes)
Event: 8.584 Thread 0x0000021a6841dbe0 nmethod 2764 0x0000021a52af6590 code [0x0000021a52af67a0, 0x0000021a52af6c40]
Event: 8.584 Thread 0x0000021a6841dbe0 2767       3       java.lang.invoke.LambdaForm$MH/0x0000021a01182400::invoke (39 bytes)
Event: 8.585 Thread 0x0000021a6841dbe0 nmethod 2767 0x0000021a52af6e10 code [0x0000021a52af7060, 0x0000021a52af7d20]
Event: 8.612 Thread 0x0000021a6841dbe0 2770       3       java.util.concurrent.locks.ReentrantLock::tryLock (13 bytes)
Event: 8.612 Thread 0x0000021a6841dbe0 nmethod 2770 0x0000021a52af8090 code [0x0000021a52af8240, 0x0000021a52af83d8]
Event: 8.612 Thread 0x0000021a6841dbe0 2771       3       java.util.concurrent.locks.ReentrantLock$Sync::tryLockNanos (36 bytes)
Event: 8.613 Thread 0x0000021a6841dbe0 nmethod 2771 0x0000021a52af8510 code [0x0000021a52af8720, 0x0000021a52af8cc0]
Event: 8.639 Thread 0x0000021a6841dbe0 2772       3       java.util.HashSet::isEmpty (8 bytes)
Event: 8.639 Thread 0x0000021a6841dbe0 nmethod 2772 0x0000021a52af8e90 code [0x0000021a52af9040, 0x0000021a52af9288]
Event: 8.640 Thread 0x0000021a6841dbe0 2773       3       java.util.concurrent.locks.ReentrantLock$Sync::<init> (5 bytes)
Event: 8.641 Thread 0x0000021a6841dbe0 nmethod 2773 0x0000021a52af9390 code [0x0000021a52af9540, 0x0000021a52af9768]
Event: 8.647 Thread 0x0000021a6841dbe0 2774       1       org.eclipse.osgi.internal.loader.sources.PackageSource::getId (5 bytes)
Event: 8.647 Thread 0x0000021a6841dbe0 nmethod 2774 0x0000021a5a15e590 code [0x0000021a5a15e720, 0x0000021a5a15e7e8]

GC Heap History (14 events):
Event: 2.929 GC heap before
{Heap before GC invocations=1 (full 0):
 PSYoungGen      total 29696K, used 25600K [0x00000000d5580000, 0x00000000d7680000, 0x0000000100000000)
  eden space 25600K, 100% used [0x00000000d5580000,0x00000000d6e80000,0x00000000d6e80000)
  from space 4096K, 0% used [0x00000000d7280000,0x00000000d7280000,0x00000000d7680000)
  to   space 4096K, 0% used [0x00000000d6e80000,0x00000000d6e80000,0x00000000d7280000)
 ParOldGen       total 68608K, used 0K [0x0000000080000000, 0x0000000084300000, 0x00000000d5580000)
  object space 68608K, 0% used [0x0000000080000000,0x0000000080000000,0x0000000084300000)
 Metaspace       used 4333K, committed 4544K, reserved 1114112K
  class space    used 474K, committed 576K, reserved 1048576K
}
Event: 2.961 GC heap after
{Heap after GC invocations=1 (full 0):
 PSYoungGen      total 29696K, used 3271K [0x00000000d5580000, 0x00000000d7680000, 0x0000000100000000)
  eden space 25600K, 0% used [0x00000000d5580000,0x00000000d5580000,0x00000000d6e80000)
  from space 4096K, 79% used [0x00000000d6e80000,0x00000000d71b1e98,0x00000000d7280000)
  to   space 4096K, 0% used [0x00000000d7280000,0x00000000d7280000,0x00000000d7680000)
 ParOldGen       total 68608K, used 0K [0x0000000080000000, 0x0000000084300000, 0x00000000d5580000)
  object space 68608K, 0% used [0x0000000080000000,0x0000000080000000,0x0000000084300000)
 Metaspace       used 4333K, committed 4544K, reserved 1114112K
  class space    used 474K, committed 576K, reserved 1048576K
}
Event: 4.743 GC heap before
{Heap before GC invocations=2 (full 0):
 PSYoungGen      total 29696K, used 28871K [0x00000000d5580000, 0x00000000d7680000, 0x0000000100000000)
  eden space 25600K, 100% used [0x00000000d5580000,0x00000000d6e80000,0x00000000d6e80000)
  from space 4096K, 79% used [0x00000000d6e80000,0x00000000d71b1e98,0x00000000d7280000)
  to   space 4096K, 0% used [0x00000000d7280000,0x00000000d7280000,0x00000000d7680000)
 ParOldGen       total 68608K, used 0K [0x0000000080000000, 0x0000000084300000, 0x00000000d5580000)
  object space 68608K, 0% used [0x0000000080000000,0x0000000080000000,0x0000000084300000)
 Metaspace       used 8186K, committed 8448K, reserved 1114112K
  class space    used 866K, committed 960K, reserved 1048576K
}
Event: 4.753 GC heap after
{Heap after GC invocations=2 (full 0):
 PSYoungGen      total 29696K, used 4086K [0x00000000d5580000, 0x00000000d7680000, 0x0000000100000000)
  eden space 25600K, 0% used [0x00000000d5580000,0x00000000d5580000,0x00000000d6e80000)
  from space 4096K, 99% used [0x00000000d7280000,0x00000000d767d810,0x00000000d7680000)
  to   space 4096K, 0% used [0x00000000d6e80000,0x00000000d6e80000,0x00000000d7280000)
 ParOldGen       total 68608K, used 1047K [0x0000000080000000, 0x0000000084300000, 0x00000000d5580000)
  object space 68608K, 1% used [0x0000000080000000,0x0000000080105eb8,0x0000000084300000)
 Metaspace       used 8186K, committed 8448K, reserved 1114112K
  class space    used 866K, committed 960K, reserved 1048576K
}
Event: 6.325 GC heap before
{Heap before GC invocations=3 (full 0):
 PSYoungGen      total 29696K, used 29686K [0x00000000d5580000, 0x00000000d7680000, 0x0000000100000000)
  eden space 25600K, 100% used [0x00000000d5580000,0x00000000d6e80000,0x00000000d6e80000)
  from space 4096K, 99% used [0x00000000d7280000,0x00000000d767d810,0x00000000d7680000)
  to   space 4096K, 0% used [0x00000000d6e80000,0x00000000d6e80000,0x00000000d7280000)
 ParOldGen       total 68608K, used 1047K [0x0000000080000000, 0x0000000084300000, 0x00000000d5580000)
  object space 68608K, 1% used [0x0000000080000000,0x0000000080105eb8,0x0000000084300000)
 Metaspace       used 13011K, committed 13568K, reserved 1114112K
  class space    used 1376K, committed 1600K, reserved 1048576K
}
Event: 6.335 GC heap after
{Heap after GC invocations=3 (full 0):
 PSYoungGen      total 29696K, used 4083K [0x00000000d5580000, 0x00000000d7680000, 0x0000000100000000)
  eden space 25600K, 0% used [0x00000000d5580000,0x00000000d5580000,0x00000000d6e80000)
  from space 4096K, 99% used [0x00000000d6e80000,0x00000000d727ccc0,0x00000000d7280000)
  to   space 4096K, 0% used [0x00000000d7280000,0x00000000d7280000,0x00000000d7680000)
 ParOldGen       total 68608K, used 2808K [0x0000000080000000, 0x0000000084300000, 0x00000000d5580000)
  object space 68608K, 4% used [0x0000000080000000,0x00000000802be280,0x0000000084300000)
 Metaspace       used 13011K, committed 13568K, reserved 1114112K
  class space    used 1376K, committed 1600K, reserved 1048576K
}
Event: 7.279 GC heap before
{Heap before GC invocations=4 (full 0):
 PSYoungGen      total 29696K, used 29683K [0x00000000d5580000, 0x00000000d7680000, 0x0000000100000000)
  eden space 25600K, 100% used [0x00000000d5580000,0x00000000d6e80000,0x00000000d6e80000)
  from space 4096K, 99% used [0x00000000d6e80000,0x00000000d727ccc0,0x00000000d7280000)
  to   space 4096K, 0% used [0x00000000d7280000,0x00000000d7280000,0x00000000d7680000)
 ParOldGen       total 68608K, used 2808K [0x0000000080000000, 0x0000000084300000, 0x00000000d5580000)
  object space 68608K, 4% used [0x0000000080000000,0x00000000802be280,0x0000000084300000)
 Metaspace       used 16176K, committed 16768K, reserved 1114112K
  class space    used 1670K, committed 1920K, reserved 1048576K
}
Event: 7.287 GC heap after
{Heap after GC invocations=4 (full 0):
 PSYoungGen      total 29696K, used 4076K [0x00000000d5580000, 0x00000000d7680000, 0x0000000100000000)
  eden space 25600K, 0% used [0x00000000d5580000,0x00000000d5580000,0x00000000d6e80000)
  from space 4096K, 99% used [0x00000000d7280000,0x00000000d767b3c8,0x00000000d7680000)
  to   space 4096K, 0% used [0x00000000d6e80000,0x00000000d6e80000,0x00000000d7280000)
 ParOldGen       total 68608K, used 6228K [0x0000000080000000, 0x0000000084300000, 0x00000000d5580000)
  object space 68608K, 9% used [0x0000000080000000,0x0000000080615108,0x0000000084300000)
 Metaspace       used 16176K, committed 16768K, reserved 1114112K
  class space    used 1670K, committed 1920K, reserved 1048576K
}
Event: 7.884 GC heap before
{Heap before GC invocations=5 (full 0):
 PSYoungGen      total 29696K, used 29676K [0x00000000d5580000, 0x00000000d7680000, 0x0000000100000000)
  eden space 25600K, 100% used [0x00000000d5580000,0x00000000d6e80000,0x00000000d6e80000)
  from space 4096K, 99% used [0x00000000d7280000,0x00000000d767b3c8,0x00000000d7680000)
  to   space 4096K, 0% used [0x00000000d6e80000,0x00000000d6e80000,0x00000000d7280000)
 ParOldGen       total 68608K, used 6228K [0x0000000080000000, 0x0000000084300000, 0x00000000d5580000)
  object space 68608K, 9% used [0x0000000080000000,0x0000000080615108,0x0000000084300000)
 Metaspace       used 20075K, committed 20672K, reserved 1114112K
  class space    used 1953K, committed 2240K, reserved 1048576K
}
Event: 7.889 GC heap after
{Heap after GC invocations=5 (full 0):
 PSYoungGen      total 29184K, used 4082K [0x00000000d5580000, 0x00000000d7900000, 0x0000000100000000)
  eden space 25088K, 0% used [0x00000000d5580000,0x00000000d5580000,0x00000000d6e00000)
  from space 4096K, 99% used [0x00000000d6e80000,0x00000000d727cbb8,0x00000000d7280000)
  to   space 5632K, 0% used [0x00000000d7380000,0x00000000d7380000,0x00000000d7900000)
 ParOldGen       total 68608K, used 6445K [0x0000000080000000, 0x0000000084300000, 0x00000000d5580000)
  object space 68608K, 9% used [0x0000000080000000,0x000000008064b750,0x0000000084300000)
 Metaspace       used 20075K, committed 20672K, reserved 1114112K
  class space    used 1953K, committed 2240K, reserved 1048576K
}
Event: 8.394 GC heap before
{Heap before GC invocations=6 (full 0):
 PSYoungGen      total 29184K, used 23120K [0x00000000d5580000, 0x00000000d7900000, 0x0000000100000000)
  eden space 25088K, 75% used [0x00000000d5580000,0x00000000d6817560,0x00000000d6e00000)
  from space 4096K, 99% used [0x00000000d6e80000,0x00000000d727cbb8,0x00000000d7280000)
  to   space 5632K, 0% used [0x00000000d7380000,0x00000000d7380000,0x00000000d7900000)
 ParOldGen       total 68608K, used 6445K [0x0000000080000000, 0x0000000084300000, 0x00000000d5580000)
  object space 68608K, 9% used [0x0000000080000000,0x000000008064b750,0x0000000084300000)
 Metaspace       used 20916K, committed 21504K, reserved 1114112K
  class space    used 2001K, committed 2304K, reserved 1048576K
}
Event: 8.403 GC heap after
{Heap after GC invocations=6 (full 0):
 PSYoungGen      total 29696K, used 5631K [0x00000000d5580000, 0x00000000d7b00000, 0x0000000100000000)
  eden space 24064K, 0% used [0x00000000d5580000,0x00000000d5580000,0x00000000d6d00000)
  from space 5632K, 99% used [0x00000000d7380000,0x00000000d78ffd08,0x00000000d7900000)
  to   space 6656K, 0% used [0x00000000d6d00000,0x00000000d6d00000,0x00000000d7380000)
 ParOldGen       total 68608K, used 6725K [0x0000000080000000, 0x0000000084300000, 0x00000000d5580000)
  object space 68608K, 9% used [0x0000000080000000,0x0000000080691458,0x0000000084300000)
 Metaspace       used 20916K, committed 21504K, reserved 1114112K
  class space    used 2001K, committed 2304K, reserved 1048576K
}
Event: 8.403 GC heap before
{Heap before GC invocations=7 (full 1):
 PSYoungGen      total 29696K, used 5631K [0x00000000d5580000, 0x00000000d7b00000, 0x0000000100000000)
  eden space 24064K, 0% used [0x00000000d5580000,0x00000000d5580000,0x00000000d6d00000)
  from space 5632K, 99% used [0x00000000d7380000,0x00000000d78ffd08,0x00000000d7900000)
  to   space 6656K, 0% used [0x00000000d6d00000,0x00000000d6d00000,0x00000000d7380000)
 ParOldGen       total 68608K, used 6725K [0x0000000080000000, 0x0000000084300000, 0x00000000d5580000)
  object space 68608K, 9% used [0x0000000080000000,0x0000000080691458,0x0000000084300000)
 Metaspace       used 20916K, committed 21504K, reserved 1114112K
  class space    used 2001K, committed 2304K, reserved 1048576K
}
Event: 8.458 GC heap after
{Heap after GC invocations=7 (full 1):
 PSYoungGen      total 29696K, used 0K [0x00000000d5580000, 0x00000000d7b00000, 0x0000000100000000)
  eden space 24064K, 0% used [0x00000000d5580000,0x00000000d5580000,0x00000000d6d00000)
  from space 5632K, 0% used [0x00000000d7380000,0x00000000d7380000,0x00000000d7900000)
  to   space 6656K, 0% used [0x00000000d6d00000,0x00000000d6d00000,0x00000000d7380000)
 ParOldGen       total 68608K, used 10336K [0x0000000080000000, 0x0000000084300000, 0x00000000d5580000)
  object space 68608K, 15% used [0x0000000080000000,0x0000000080a18298,0x0000000084300000)
 Metaspace       used 20903K, committed 21504K, reserved 1114112K
  class space    used 1997K, committed 2304K, reserved 1048576K
}

Dll operation events (18 events):
Event: 0.030 Attempting to load shared library c:\Users\WINDOWS\.vscode\extensions\redhat.java-1.56.0-win32-x64\jre\21.0.12.1-win32-x86_64\bin\java.dll
Event: 0.030 Loaded shared library c:\Users\WINDOWS\.vscode\extensions\redhat.java-1.56.0-win32-x64\jre\21.0.12.1-win32-x86_64\bin\java.dll
Event: 0.197 Attempting to load shared library c:\Users\WINDOWS\.vscode\extensions\redhat.java-1.56.0-win32-x64\jre\21.0.12.1-win32-x86_64\bin\zip.dll
Event: 0.198 Loaded shared library c:\Users\WINDOWS\.vscode\extensions\redhat.java-1.56.0-win32-x64\jre\21.0.12.1-win32-x86_64\bin\zip.dll
Event: 0.516 Attempting to load shared library C:\Users\WINDOWS\.vscode\extensions\redhat.java-1.56.0-win32-x64\jre\21.0.12.1-win32-x86_64\bin\instrument.dll
Event: 0.516 Loaded shared library C:\Users\WINDOWS\.vscode\extensions\redhat.java-1.56.0-win32-x64\jre\21.0.12.1-win32-x86_64\bin\instrument.dll
Event: 0.575 Attempting to load shared library C:\Users\WINDOWS\.vscode\extensions\redhat.java-1.56.0-win32-x64\jre\21.0.12.1-win32-x86_64\bin\net.dll
Event: 0.653 Loaded shared library C:\Users\WINDOWS\.vscode\extensions\redhat.java-1.56.0-win32-x64\jre\21.0.12.1-win32-x86_64\bin\net.dll
Event: 0.697 Attempting to load shared library C:\Users\WINDOWS\.vscode\extensions\redhat.java-1.56.0-win32-x64\jre\21.0.12.1-win32-x86_64\bin\nio.dll
Event: 0.698 Loaded shared library C:\Users\WINDOWS\.vscode\extensions\redhat.java-1.56.0-win32-x64\jre\21.0.12.1-win32-x86_64\bin\nio.dll
Event: 0.714 Attempting to load shared library C:\Users\WINDOWS\.vscode\extensions\redhat.java-1.56.0-win32-x64\jre\21.0.12.1-win32-x86_64\bin\zip.dll
Event: 0.714 Loaded shared library C:\Users\WINDOWS\.vscode\extensions\redhat.java-1.56.0-win32-x64\jre\21.0.12.1-win32-x86_64\bin\zip.dll
Event: 0.861 Attempting to load shared library C:\Users\WINDOWS\.vscode\extensions\redhat.java-1.56.0-win32-x64\jre\21.0.12.1-win32-x86_64\bin\jimage.dll
Event: 0.861 Loaded shared library C:\Users\WINDOWS\.vscode\extensions\redhat.java-1.56.0-win32-x64\jre\21.0.12.1-win32-x86_64\bin\jimage.dll
Event: 1.314 Attempting to load shared library c:\Users\WINDOWS\.vscode\extensions\redhat.java-1.56.0-win32-x64\jre\21.0.12.1-win32-x86_64\bin\verify.dll
Event: 1.380 Loaded shared library c:\Users\WINDOWS\.vscode\extensions\redhat.java-1.56.0-win32-x64\jre\21.0.12.1-win32-x86_64\bin\verify.dll
Event: 4.566 Attempting to load shared library C:\Users\WINDOWS\AppData\Roaming\Code\User\globalStorage\redhat.java\1.56.0\config_ss_win\org.eclipse.equinox.launcher\org.eclipse.equinox.launcher.win32.win32.x86_64_1.3.100.v20260804-1928\eclipse_11924.dll
Event: 4.663 Loaded shared library C:\Users\WINDOWS\AppData\Roaming\Code\User\globalStorage\redhat.java\1.56.0\config_ss_win\org.eclipse.equinox.launcher\org.eclipse.equinox.launcher.win32.win32.x86_64_1.3.100.v20260804-1928\eclipse_11924.dll

Deoptimization events (20 events):
Event: 7.295 Thread 0x0000021a68e2ad50 Uncommon trap: trap_request=0xffffff6e fr.pc=0x0000021a5a155994 relative=0x0000000000000a14
Event: 7.295 Thread 0x0000021a68e2ad50 Uncommon trap: reason=loop_limit_check action=maybe_recompile pc=0x0000021a5a155994 method=java.util.regex.Pattern$StartS.match(Ljava/util/regex/Matcher;ILjava/lang/CharSequence;)Z @ 34 c2
Event: 7.295 Thread 0x0000021a68e2ad50 DEOPT PACKING pc=0x0000021a5a155994 sp=0x000000376caef630
Event: 7.295 Thread 0x0000021a68e2ad50 DEOPT UNPACKING pc=0x0000021a59b03aa2 sp=0x000000376caef580 mode 2
Event: 7.760 Thread 0x0000021a68e2ad50 Uncommon trap: trap_request=0xffffff45 fr.pc=0x0000021a5a15c7ec relative=0x000000000000014c
Event: 7.760 Thread 0x0000021a68e2ad50 Uncommon trap: reason=unstable_if action=reinterpret pc=0x0000021a5a15c7ec method=org.lombokweb.asm.ByteVector.putByteArray([BII)Lorg/lombokweb/asm/ByteVector; @ 20 c2
Event: 7.760 Thread 0x0000021a68e2ad50 DEOPT PACKING pc=0x0000021a5a15c7ec sp=0x000000376caeef20
Event: 7.760 Thread 0x0000021a68e2ad50 DEOPT UNPACKING pc=0x0000021a59b03aa2 sp=0x000000376caeeef0 mode 2
Event: 7.760 Thread 0x0000021a68e2ad50 Uncommon trap: trap_request=0xffffff45 fr.pc=0x0000021a5a15b624 relative=0x0000000000000364
Event: 7.760 Thread 0x0000021a68e2ad50 Uncommon trap: reason=unstable_if action=reinterpret pc=0x0000021a5a15b624 method=org.lombokweb.asm.Label.resolve([BLorg/lombokweb/asm/ByteVector;I)Z @ 81 c2
Event: 7.760 Thread 0x0000021a68e2ad50 DEOPT PACKING pc=0x0000021a5a15b624 sp=0x000000376caeefb0
Event: 7.760 Thread 0x0000021a68e2ad50 DEOPT UNPACKING pc=0x0000021a59b03aa2 sp=0x000000376caeeeb8 mode 2
Event: 8.543 Thread 0x0000021a68e2ad50 DEOPT PACKING pc=0x0000021a526b47a6 sp=0x000000376caf8260
Event: 8.543 Thread 0x0000021a68e2ad50 DEOPT UNPACKING pc=0x0000021a59b04242 sp=0x000000376caf7758 mode 0
Event: 8.544 Thread 0x0000021a68e2ad50 DEOPT PACKING pc=0x0000021a526b47a6 sp=0x000000376caf8260
Event: 8.544 Thread 0x0000021a68e2ad50 DEOPT UNPACKING pc=0x0000021a59b04242 sp=0x000000376caf7758 mode 0
Event: 8.545 Thread 0x0000021a68e2ad50 DEOPT PACKING pc=0x0000021a526b47a6 sp=0x000000376caf8260
Event: 8.545 Thread 0x0000021a68e2ad50 DEOPT UNPACKING pc=0x0000021a59b04242 sp=0x000000376caf7758 mode 0
Event: 8.546 Thread 0x0000021a68e2ad50 DEOPT PACKING pc=0x0000021a529676d6 sp=0x000000376caf80b0
Event: 8.546 Thread 0x0000021a68e2ad50 DEOPT UNPACKING pc=0x0000021a59b04242 sp=0x000000376caf75c0 mode 0

Classes loaded (20 events):
Event: 7.145 Loading class java/net/ProtocolException
Event: 7.146 Loading class java/net/ProtocolException done
Event: 7.188 Loading class java/lang/ThreadLocal$SuppliedThreadLocal
Event: 7.189 Loading class java/lang/ThreadLocal$SuppliedThreadLocal done
Event: 7.196 Loading class java/io/FileWriter
Event: 7.197 Loading class java/io/FileWriter done
Event: 7.213 Loading class java/lang/NegativeArraySizeException
Event: 7.213 Loading class java/lang/NegativeArraySizeException done
Event: 7.979 Loading class java/nio/file/InvalidPathException
Event: 7.980 Loading class java/nio/file/InvalidPathException done
Event: 8.612 Loading class java/net/Authenticator
Event: 8.612 Loading class java/net/Authenticator done
Event: 8.634 Loading class java/net/SocketAddress
Event: 8.635 Loading class java/net/SocketAddress done
Event: 8.635 Loading class java/net/InetSocketAddress
Event: 8.635 Loading class java/net/InetSocketAddress done
Event: 8.636 Loading class java/nio/channels/AsynchronousByteChannel
Event: 8.636 Loading class java/nio/channels/AsynchronousChannel
Event: 8.636 Loading class java/nio/channels/AsynchronousChannel done
Event: 8.636 Loading class java/nio/channels/AsynchronousByteChannel done

Classes unloaded (7 events):
Event: 8.412 Thread 0x0000021a4dd3e5c0 Unloading class 0x0000021a01191400 'java/lang/invoke/LambdaForm$MH+0x0000021a01191400'
Event: 8.412 Thread 0x0000021a4dd3e5c0 Unloading class 0x0000021a01191000 'java/lang/invoke/LambdaForm$MH+0x0000021a01191000'
Event: 8.412 Thread 0x0000021a4dd3e5c0 Unloading class 0x0000021a01190c00 'java/lang/invoke/LambdaForm$MH+0x0000021a01190c00'
Event: 8.412 Thread 0x0000021a4dd3e5c0 Unloading class 0x0000021a01190800 'java/lang/invoke/LambdaForm$MH+0x0000021a01190800'
Event: 8.412 Thread 0x0000021a4dd3e5c0 Unloading class 0x0000021a01190400 'java/lang/invoke/LambdaForm$BMH+0x0000021a01190400'
Event: 8.412 Thread 0x0000021a4dd3e5c0 Unloading class 0x0000021a01190000 'java/lang/invoke/LambdaForm$DMH+0x0000021a01190000'
Event: 8.412 Thread 0x0000021a4dd3e5c0 Unloading class 0x0000021a0118ec00 'java/lang/invoke/LambdaForm$DMH+0x0000021a0118ec00'

Classes redefined (0 events):
No events

Internal exceptions (20 events):
Event: 6.897 Thread 0x0000021a68e2ad50 Exception <a 'java/lang/NoSuchMethodError'{0x00000000d5fc1998}: 'java.lang.Object java.lang.invoke.Invokers$Holder.linkToTargetMethod(java.lang.Object, java.lang.Object, long, java.lang.Object)'> (0x00000000d5fc1998) 
thrown [s\src\hotspot\share\interpreter\linkResolver.cpp, line 773]
Event: 6.916 Thread 0x0000021a68e2ad50 Exception <a 'java/lang/NoSuchMethodError'{0x00000000d6034498}: 'int java.lang.invoke.DirectMethodHandle$Holder.invokeStaticInit(java.lang.Object, java.lang.Object, java.lang.Object)'> (0x00000000d6034498) 
thrown [s\src\hotspot\share\interpreter\linkResolver.cpp, line 773]
Event: 6.950 Thread 0x0000021a68e2ad50 Exception <a 'java/lang/IncompatibleClassChangeError'{0x00000000d60d6010}: Found class java.lang.Object, but interface was expected> (0x00000000d60d6010) 
thrown [s\src\hotspot\share\interpreter\linkResolver.cpp, line 840]
Event: 6.951 Thread 0x0000021a68e2ad50 Exception <a 'java/lang/NoSuchMethodError'{0x00000000d60d9c80}: 'java.lang.Object java.lang.invoke.DirectMethodHandle$Holder.invokeSpecial(java.lang.Object, java.lang.Object, java.lang.Object, int, java.lang.Object, java.lang.Object)'> (0x00000000d60d9c80) 
thrown [s\src\hotspot\share\interpreter\linkResolver.cpp, line 773]
Event: 6.953 Thread 0x0000021a68e2ad50 Exception <a 'java/lang/NoSuchMethodError'{0x00000000d60e17d0}: 'java.lang.Object java.lang.invoke.DirectMethodHandle$Holder.newInvokeSpecial(java.lang.Object, java.lang.Object, java.lang.Object, int, java.lang.Object)'> (0x00000000d60e17d0) 
thrown [s\src\hotspot\share\interpreter\linkResolver.cpp, line 773]
Event: 6.954 Thread 0x0000021a68e2ad50 Exception <a 'java/lang/NoSuchMethodError'{0x00000000d60e5750}: 'java.lang.Object java.lang.invoke.DirectMethodHandle$Holder.invokeSpecial(java.lang.Object, java.lang.Object, java.lang.Object, java.lang.Object, int, java.lang.Object)'> (0x00000000d60e5750) 
thrown [s\src\hotspot\share\interpreter\linkResolver.cpp, line 773]
Event: 6.954 Thread 0x0000021a68e2ad50 Exception <a 'java/lang/NoSuchMethodError'{0x00000000d60e9290}: 'java.lang.Object java.lang.invoke.Invokers$Holder.linkToTargetMethod(java.lang.Object, java.lang.Object, int, java.lang.Object, java.lang.Object)'> (0x00000000d60e9290) 
thrown [s\src\hotspot\share\interpreter\linkResolver.cpp, line 773]
Event: 6.956 Thread 0x0000021a6d01f860 Exception <a 'java/lang/NoSuchMethodError'{0x00000000d6003778}: 'java.lang.Object java.lang.invoke.DirectMethodHandle$Holder.invokeSpecial(java.lang.Object, java.lang.Object, int, java.lang.Object, java.lang.Object)'> (0x00000000d6003778) 
thrown [s\src\hotspot\share\interpreter\linkResolver.cpp, line 773]
Event: 6.958 Thread 0x0000021a6d01f860 Exception <a 'java/lang/NoSuchMethodError'{0x00000000d600a4b0}: 'java.lang.Object java.lang.invoke.DirectMethodHandle$Holder.newInvokeSpecial(java.lang.Object, java.lang.Object, int, java.lang.Object)'> (0x00000000d600a4b0) 
thrown [s\src\hotspot\share\interpreter\linkResolver.cpp, line 773]
Event: 6.959 Thread 0x0000021a6d01f860 Exception <a 'java/lang/NoSuchMethodError'{0x00000000d600dd90}: 'java.lang.Object java.lang.invoke.DirectMethodHandle$Holder.invokeSpecial(java.lang.Object, java.lang.Object, java.lang.Object, int, java.lang.Object)'> (0x00000000d600dd90) 
thrown [s\src\hotspot\share\interpreter\linkResolver.cpp, line 773]
Event: 7.002 Thread 0x0000021a68e2ad50 Exception <a 'java/lang/NoSuchMethodError'{0x00000000d622bd70}: 'void java.lang.invoke.DirectMethodHandle$Holder.invokeSpecial(java.lang.Object, java.lang.Object, java.lang.Object, java.lang.Object, java.lang.Object)'> (0x00000000d622bd70) 
thrown [s\src\hotspot\share\interpreter\linkResolver.cpp, line 773]
Event: 7.013 Thread 0x0000021a6d01f860 Exception <a 'java/lang/NoSuchMethodError'{0x00000000d6282f60}: 'java.lang.Object java.lang.invoke.DirectMethodHandle$Holder.newInvokeSpecial(java.lang.Object, java.lang.Object, java.lang.Object, java.lang.Object, java.lang.Object)'> (0x00000000d6282f60) 
thrown [s\src\hotspot\share\interpreter\linkResolver.cpp, line 773]
Event: 7.077 Thread 0x0000021a68e2ad50 Exception <a 'java/lang/NoSuchMethodError'{0x00000000d645ee38}: 'double java.lang.invoke.DirectMethodHandle$Holder.invokeStatic(java.lang.Object, java.lang.Object)'> (0x00000000d645ee38) 
thrown [s\src\hotspot\share\interpreter\linkResolver.cpp, line 773]
Event: 7.077 Thread 0x0000021a68e2ad50 Exception <a 'java/lang/NoSuchMethodError'{0x00000000d64624f8}: 'double java.lang.invoke.DirectMethodHandle$Holder.invokeStaticInit(java.lang.Object, java.lang.Object)'> (0x00000000d64624f8) 
thrown [s\src\hotspot\share\interpreter\linkResolver.cpp, line 773]
Event: 7.339 Thread 0x0000021a68e2ad50 Exception <a 'java/io/FileNotFoundException'{0x00000000d5b67b50}> (0x00000000d5b67b50) 
thrown [s\src\hotspot\share\prims\jni.cpp, line 520]
Event: 7.340 Thread 0x0000021a68e2ad50 Exception <a 'java/io/FileNotFoundException'{0x00000000d5b689d0}> (0x00000000d5b689d0) 
thrown [s\src\hotspot\share\prims\jni.cpp, line 520]
Event: 7.342 Thread 0x0000021a68e2ad50 Exception <a 'java/io/FileNotFoundException'{0x00000000d5b69950}> (0x00000000d5b69950) 
thrown [s\src\hotspot\share\prims\jni.cpp, line 520]
Event: 7.760 Thread 0x0000021a68e2ad50 Implicit null exception at 0x0000021a5a15c6f5 to 0x0000021a5a15c7d0
Event: 8.060 Thread 0x0000021a68e2ad50 Exception <a 'java/io/FileNotFoundException'{0x00000000d6336000}> (0x00000000d6336000) 
thrown [s\src\hotspot\share\prims\jni.cpp, line 520]
Event: 8.061 Thread 0x0000021a68e2ad50 Exception <a 'java/io/FileNotFoundException'{0x00000000d6337050}> (0x00000000d6337050) 
thrown [s\src\hotspot\share\prims\jni.cpp, line 520]

ZGC Phase Switch (0 events):
No events

VM Operations (20 events):
Event: 6.007 Executing non-safepoint VM operation: HandshakeAllThreads (Deoptimize)
Event: 6.007 Executing non-safepoint VM operation: HandshakeAllThreads (Deoptimize) done
Event: 6.007 Executing safepoint VM operation: Cleanup
Event: 6.008 Executing safepoint VM operation: Cleanup done
Event: 6.325 Executing safepoint VM operation: ParallelGCFailedAllocation (Allocation Failure)
Event: 6.335 Executing safepoint VM operation: ParallelGCFailedAllocation (Allocation Failure) done
Event: 6.512 Executing non-safepoint VM operation: HandshakeAllThreads (Deoptimize)
Event: 6.512 Executing non-safepoint VM operation: HandshakeAllThreads (Deoptimize) done
Event: 6.521 Executing non-safepoint VM operation: HandshakeAllThreads (Deoptimize)
Event: 6.521 Executing non-safepoint VM operation: HandshakeAllThreads (Deoptimize) done
Event: 6.557 Executing non-safepoint VM operation: HandshakeAllThreads (Deoptimize)
Event: 6.557 Executing non-safepoint VM operation: HandshakeAllThreads (Deoptimize) done
Event: 7.160 Executing non-safepoint VM operation: HandshakeAllThreads (Deoptimize)
Event: 7.160 Executing non-safepoint VM operation: HandshakeAllThreads (Deoptimize) done
Event: 7.279 Executing safepoint VM operation: ParallelGCFailedAllocation (Allocation Failure)
Event: 7.288 Executing safepoint VM operation: ParallelGCFailedAllocation (Allocation Failure) done
Event: 7.884 Executing safepoint VM operation: ParallelGCFailedAllocation (Allocation Failure)
Event: 7.889 Executing safepoint VM operation: ParallelGCFailedAllocation (Allocation Failure) done
Event: 8.394 Executing safepoint VM operation: CollectForMetadataAllocation (Metadata GC Threshold)
Event: 8.459 Executing safepoint VM operation: CollectForMetadataAllocation (Metadata GC Threshold) done

Memory protections (0 events):
No events

Nmethod flushes (0 events):
No events

Events (20 events):
Event: 0.103 Thread 0x0000021a4dc7cd70 Thread added: 0x0000021a6841dbe0
Event: 0.520 Thread 0x0000021a4dc7cd70 Thread added: 0x0000021a68808070
Event: 1.290 Thread 0x0000021a6841dbe0 Thread added: 0x0000021a68771230
Event: 1.508 Thread 0x0000021a68771230 Thread exited: 0x0000021a68771230
Event: 1.919 Thread 0x0000021a4dc7cd70 Thread added: 0x0000021a687cb050
Event: 1.925 Thread 0x0000021a6841dbe0 Thread added: 0x0000021a687d1ba0
Event: 3.135 Thread 0x0000021a687d1ba0 Thread exited: 0x0000021a687d1ba0
Event: 3.933 Thread 0x0000021a4dc7cd70 Thread added: 0x0000021a68a85fe0
Event: 4.512 Thread 0x0000021a4dc7cd70 Thread added: 0x0000021a68e2a6e0
Event: 4.544 Thread 0x0000021a4dc7cd70 Thread added: 0x0000021a68e2ad50
Event: 4.863 Thread 0x0000021a68e2ad50 Thread added: 0x0000021a68c83210
Event: 5.659 Thread 0x0000021a6841dbe0 Thread added: 0x0000021a6d1c3780
Event: 5.980 Thread 0x0000021a6d1c3780 Thread exited: 0x0000021a6d1c3780
Event: 6.097 Thread 0x0000021a68e2ad50 Thread added: 0x0000021a6d1c3780
Event: 6.270 Thread 0x0000021a6841dbe0 Thread added: 0x0000021a6d01f860
Event: 6.895 Thread 0x0000021a6d01f860 Thread exited: 0x0000021a6d01f860
Event: 6.904 Thread 0x0000021a68e2ad50 Thread added: 0x0000021a6d01f860
Event: 6.956 Thread 0x0000021a68e2ad50 Thread added: 0x0000021a6d3b5a10
Event: 8.205 Thread 0x0000021a6d3b5a10 Thread added: 0x0000021a6d479da0
Event: 8.609 Thread 0x0000021a68e2ad50 Thread added: 0x0000021a6d478360


Dynamic libraries:
0x00007ff7be870000 - 0x00007ff7be87e000 	c:\Users\WINDOWS\.vscode\extensions\redhat.java-1.56.0-win32-x64\jre\21.0.12.1-win32-x86_64\bin\java.exe
0x00007ff92fcc0000 - 0x00007ff92ff27000 	C:\WINDOWS\SYSTEM32\ntdll.dll
0x00007ff92e850000 - 0x00007ff92e91b000 	C:\WINDOWS\System32\KERNEL32.DLL
0x00007ff92cec0000 - 0x00007ff92d2c2000 	C:\WINDOWS\System32\KERNELBASE.dll
0x00007ff92d300000 - 0x00007ff92d44c000 	C:\WINDOWS\System32\ucrtbase.dll
0x00007ff91b1a0000 - 0x00007ff91b1b8000 	c:\Users\WINDOWS\.vscode\extensions\redhat.java-1.56.0-win32-x64\jre\21.0.12.1-win32-x86_64\bin\jli.dll
0x00007ff91b1c0000 - 0x00007ff91b1de000 	c:\Users\WINDOWS\.vscode\extensions\redhat.java-1.56.0-win32-x64\jre\21.0.12.1-win32-x86_64\bin\VCRUNTIME140.dll
0x00007ff92f6f0000 - 0x00007ff92f8bf000 	C:\WINDOWS\System32\USER32.dll
0x00007ff92d2d0000 - 0x00007ff92d2f7000 	C:\WINDOWS\System32\win32u.dll
0x00007ff92dd70000 - 0x00007ff92dd9b000 	C:\WINDOWS\System32\GDI32.dll
0x00007ff91bd30000 - 0x00007ff91bfc0000 	C:\WINDOWS\WinSxS\amd64_microsoft.windows.common-controls_6595b64144ccf1df_6.0.26100.9278_none_3e0d1ba8e3303201\COMCTL32.dll
0x00007ff92d800000 - 0x00007ff92d929000 	C:\WINDOWS\System32\gdi32full.dll
0x00007ff92d930000 - 0x00007ff92d9d3000 	C:\WINDOWS\System32\msvcp_win.dll
0x00007ff92e080000 - 0x00007ff92e129000 	C:\WINDOWS\System32\msvcrt.dll
0x00007ff92f6b0000 - 0x00007ff92f6e1000 	C:\WINDOWS\System32\IMM32.DLL
0x00007ff91b300000 - 0x00007ff91b30c000 	c:\Users\WINDOWS\.vscode\extensions\redhat.java-1.56.0-win32-x64\jre\21.0.12.1-win32-x86_64\bin\vcruntime140_1.dll
0x00007ff8cac60000 - 0x00007ff8caced000 	c:\Users\WINDOWS\.vscode\extensions\redhat.java-1.56.0-win32-x64\jre\21.0.12.1-win32-x86_64\bin\msvcp140.dll
0x00007ff853990000 - 0x00007ff854732000 	c:\Users\WINDOWS\.vscode\extensions\redhat.java-1.56.0-win32-x64\jre\21.0.12.1-win32-x86_64\bin\server\jvm.dll
0x00007ff92e1d0000 - 0x00007ff92e28c000 	C:\WINDOWS\System32\ADVAPI32.dll
0x00007ff92f600000 - 0x00007ff92f6a9000 	C:\WINDOWS\System32\sechost.dll
0x00007ff92f8d0000 - 0x00007ff92f9e8000 	C:\WINDOWS\System32\RPCRT4.dll
0x00007ff92fbf0000 - 0x00007ff92fc70000 	C:\WINDOWS\System32\WS2_32.dll
0x00007ff92cd20000 - 0x00007ff92cd7e000 	C:\WINDOWS\SYSTEM32\POWRPROF.dll
0x00007ff929520000 - 0x00007ff929556000 	C:\WINDOWS\SYSTEM32\WINMM.dll
0x00007ff924090000 - 0x00007ff92409b000 	C:\WINDOWS\SYSTEM32\VERSION.dll
0x00007ff92cd00000 - 0x00007ff92cd15000 	C:\WINDOWS\SYSTEM32\UMPDC.dll
0x00007ff92bb90000 - 0x00007ff92bbab000 	C:\WINDOWS\SYSTEM32\kernel.appcore.dll
0x00007ff91b190000 - 0x00007ff91b19a000 	c:\Users\WINDOWS\.vscode\extensions\redhat.java-1.56.0-win32-x64\jre\21.0.12.1-win32-x86_64\bin\jimage.dll
0x00007ff92a100000 - 0x00007ff92a34c000 	C:\WINDOWS\SYSTEM32\DBGHELP.DLL
0x00007ff92d9e0000 - 0x00007ff92dd65000 	C:\WINDOWS\System32\combase.dll
0x00007ff92e450000 - 0x00007ff92e529000 	C:\WINDOWS\System32\OLEAUT32.dll
0x00007ff910c10000 - 0x00007ff910c4b000 	C:\WINDOWS\SYSTEM32\dbgcore.DLL
0x00007ff92d680000 - 0x00007ff92d72c000 	C:\WINDOWS\System32\bcryptPrimitives.dll
0x00007ff91b180000 - 0x00007ff91b18f000 	c:\Users\WINDOWS\.vscode\extensions\redhat.java-1.56.0-win32-x64\jre\21.0.12.1-win32-x86_64\bin\instrument.dll
0x00007ff8f9e70000 - 0x00007ff8f9e90000 	c:\Users\WINDOWS\.vscode\extensions\redhat.java-1.56.0-win32-x64\jre\21.0.12.1-win32-x86_64\bin\java.dll
0x00007ff92e930000 - 0x00007ff92f0c8000 	C:\WINDOWS\System32\SHELL32.dll
0x00007ff92a910000 - 0x00007ff92b1be000 	C:\WINDOWS\SYSTEM32\windows.storage.dll
0x00007ff92e2c0000 - 0x00007ff92e3bb000 	C:\WINDOWS\System32\SHCORE.dll
0x00007ff92e160000 - 0x00007ff92e1c6000 	C:\WINDOWS\System32\shlwapi.dll
0x00007ff92cde0000 - 0x00007ff92ce09000 	C:\WINDOWS\SYSTEM32\profapi.dll
0x00007ff8f5060000 - 0x00007ff8f5078000 	c:\Users\WINDOWS\.vscode\extensions\redhat.java-1.56.0-win32-x64\jre\21.0.12.1-win32-x86_64\bin\zip.dll
0x00007ff91b170000 - 0x00007ff91b180000 	C:\Users\WINDOWS\.vscode\extensions\redhat.java-1.56.0-win32-x64\jre\21.0.12.1-win32-x86_64\bin\net.dll
0x00007ff924cf0000 - 0x00007ff924e1a000 	C:\WINDOWS\SYSTEM32\WINHTTP.dll
0x00007ff92c150000 - 0x00007ff92c1bc000 	C:\WINDOWS\system32\mswsock.dll
0x00007ff8f0ef0000 - 0x00007ff8f0f06000 	C:\Users\WINDOWS\.vscode\extensions\redhat.java-1.56.0-win32-x64\jre\21.0.12.1-win32-x86_64\bin\nio.dll
0x00007ff91b110000 - 0x00007ff91b120000 	c:\Users\WINDOWS\.vscode\extensions\redhat.java-1.56.0-win32-x64\jre\21.0.12.1-win32-x86_64\bin\verify.dll
0x00007ff8f0bf0000 - 0x00007ff8f0c35000 	C:\Users\WINDOWS\AppData\Roaming\Code\User\globalStorage\redhat.java\1.56.0\config_ss_win\org.eclipse.equinox.launcher\org.eclipse.equinox.launcher.win32.win32.x86_64_1.3.100.v20260804-1928\eclipse_11924.dll
0x00007ff92e530000 - 0x00007ff92e6ca000 	C:\WINDOWS\System32\ole32.dll

JVMTI agents:
c:\Users\WINDOWS\.vscode\extensions\redhat.java-1.56.0-win32-x64\lombok\lombok-1.18.39-4050.jar path:c:\Users\WINDOWS\.vscode\extensions\redhat.java-1.56.0-win32-x64\jre\21.0.12.1-win32-x86_64\bin\instrument.dll, loaded, initialized, instrumentlib options:none

dbghelp: loaded successfully - version: 4.0.5 - missing functions: none
symbol engine: initialized successfully - sym options: 0x614 - pdb path: .;c:\Users\WINDOWS\.vscode\extensions\redhat.java-1.56.0-win32-x64\jre\21.0.12.1-win32-x86_64\bin;C:\WINDOWS\SYSTEM32;C:\WINDOWS\WinSxS\amd64_microsoft.windows.common-controls_6595b64144ccf1df_6.0.26100.9278_none_3e0d1ba8e3303201;c:\Users\WINDOWS\.vscode\extensions\redhat.java-1.56.0-win32-x64\jre\21.0.12.1-win32-x86_64\bin\server;C:\Users\WINDOWS\AppData\Roaming\Code\User\globalStorage\redhat.java\1.56.0\config_ss_win\org.eclipse.equinox.launcher\org.eclipse.equinox.launcher.win32.win32.x86_64_1.3.100.v20260804-1928

VM Arguments:
jvm_args: --add-modules=ALL-SYSTEM --add-opens=java.base/java.util=ALL-UNNAMED --add-opens=java.base/java.lang=ALL-UNNAMED --add-opens=java.base/sun.nio.fs=ALL-UNNAMED -Declipse.application=org.eclipse.jdt.ls.core.id1 -Dosgi.bundles.defaultStartLevel=4 -Declipse.product=org.eclipse.jdt.ls.core.product -Djava.import.generatesMetadataFilesAtProjectRoot=false -Dm2e.project.cache.size=50 -DDetectVMInstallationsJob.disabled=true -Dfile.encoding=utf8 -XX:+UseParallelGC -XX:GCTimeRatio=4 -XX:AdaptiveSizePolicyWeight=90 -Dsun.zip.disableMemoryMapping=true -Xmx2G -Xms100m -Xlog:disable -javaagent:c:\Users\WINDOWS\.vscode\extensions\redhat.java-1.56.0-win32-x64\lombok\lombok-1.18.39-4050.jar 
java_command: c:\Users\WINDOWS\.vscode\extensions\redhat.java-1.56.0-win32-x64\server\plugins\org.eclipse.equinox.launcher_1.8.0.v20260804-1928.jar -configuration c:\Users\WINDOWS\AppData\Roaming\Code\User\globalStorage\redhat.java\1.56.0\config_ss_win -data c:\Users\WINDOWS\AppData\Roaming\Code\User\workspaceStorage\75f8e4327827bab21d5fcbd8a2233acc\redhat.java\ss_ws --pipe=\\.\pipe\lsp-9d79592647fb3cc689e4d9d3ebedc5a2-sock
java_class_path (initial): c:\Users\WINDOWS\.vscode\extensions\redhat.java-1.56.0-win32-x64\server\plugins\org.eclipse.equinox.launcher_1.8.0.v20260804-1928.jar
Launcher Type: SUN_STANDARD

[Global flags]
    uintx AdaptiveSizePolicyWeight                 = 90                                        {product} {command line}
     intx CICompilerCount                          = 4                                         {product} {ergonomic}
    uintx GCTimeRatio                              = 4                                         {product} {command line}
   size_t InitialHeapSize                          = 104857600                                 {product} {command line}
   size_t MaxHeapSize                              = 2147483648                                {product} {command line}
   size_t MaxNewSize                               = 715653120                                 {product} {ergonomic}
   size_t MinHeapDeltaBytes                        = 524288                                    {product} {ergonomic}
   size_t MinHeapSize                              = 104857600                                 {product} {command line}
   size_t NewSize                                  = 34603008                                  {product} {ergonomic}
    uintx NonNMethodCodeHeapSize                   = 5839372                                {pd product} {ergonomic}
    uintx NonProfiledCodeHeapSize                  = 122909434                              {pd product} {ergonomic}
   size_t OldSize                                  = 70254592                                  {product} {ergonomic}
    uintx ProfiledCodeHeapSize                     = 122909434                              {pd product} {ergonomic}
    uintx ReservedCodeCacheSize                    = 251658240                              {pd product} {ergonomic}
     bool SegmentedCodeCache                       = true                                      {product} {ergonomic}
   size_t SoftMaxHeapSize                          = 2147483648                             {manageable} {ergonomic}
     bool UseCompressedOops                        = true                           {product lp64_product} {ergonomic}
     bool UseLargePagesIndividualAllocation        = false                                  {pd product} {ergonomic}
     bool UseParallelGC                            = true                                      {product} {command line}

Logging:
Log output configuration:
 #0: stdout all=off uptime,level,tags foldmultilines=false
 #1: stderr all=off uptime,level,tags foldmultilines=false

Release file:
JAVA_VERSION="21.0.12.1" 
MODULES="java.base java.compiler java.datatransfer java.xml java.prefs java.desktop java.instrument java.logging java.management java.security.sasl java.naming java.rmi java.management.rmi java.net.http java.scripting java.security.jgss java.transaction.xa java.sql java.sql.rowset java.xml.crypto java.se java.smartcardio jdk.accessibility jdk.internal.jvmstat jdk.attach jdk.charsets jdk.internal.opt jdk.zipfs jdk.compiler jdk.crypto.ec jdk.crypto.cryptoki jdk.crypto.mscapi jdk.dynalink jdk.internal.ed jdk.editpad jdk.hotspot.agent jdk.httpserver jdk.internal.le jdk.internal.vm.ci jdk.internal.vm.compiler jdk.internal.vm.compiler.management jdk.jartool jdk.javadoc jdk.jcmd jdk.management jdk.management.agent jdk.jconsole jdk.jdeps jdk.jdwp.agent jdk.jdi jdk.jfr jdk.jshell jdk.jsobject jdk.jstatd jdk.localedata jdk.management.jfr jdk.naming.dns jdk.naming.rmi jdk.net jdk.nio.mapmode jdk.random jdk.sctp jdk.security.auth jdk.security.jgss jdk.unsupported jdk.unsupported.desktop jdk.xml.dom" 

Environment Variables:
PATH=C:\Python313\Scripts\;C:\Python313\;C:\Program Files\Common Files\Oracle\Java\javapath;C:\Program Files (x86)\Common Files\Oracle\Java\java8path;C:\Program Files (x86)\Common Files\Oracle\Java\javapath;C:\WINDOWS\system32;C:\WINDOWS;C:\WINDOWS\System32\Wbem;C:\WINDOWS\System32\WindowsPowerShell\v1.0\;C:\WINDOWS\System32\OpenSSH\;C:\Program Files\Microsoft SQL Server\120\Tools\Binn\;C:\Program Files\Git\cmd;C:\Program Files\Java\jdk-17\bin;C:\Program Files\nodejs\;C:\ProgramData\chocolatey\bin;C:\Program Files\PuTTY\;C:\Program Files\Docker\Docker\resources\bin;C:\Program Files\MySQL\MySQL Shell 8.0\bin\;C:\Program Files\MySQL\MySQL Server 8.0\bin;C:\Users\WINDOWS\AppData\Roaming\npm;C:\Program Files\PostgreSQL\18\bin;C:\Users\WINDOWS\AppData\Local\Programs\Antigravity\bin;C:\Users\WINDOWS\AppData\Local\Programs\Microsoft VS Code\bin
USERNAME=WINDOWS
OS=Windows_NT
PROCESSOR_IDENTIFIER=AMD64 Family 23 Model 96 Stepping 1, AuthenticAMD
TMP=C:\Users\WINDOWS\AppData\Local\Temp
TEMP=C:\Users\WINDOWS\AppData\Local\Temp




Periodic native trim disabled

---------------  S Y S T E M  ---------------

OS:
 Windows 11 , 64 bit Build 26100 (10.0.26100.9444)
OS uptime: 5 days 0:51 hours
Hyper-V role detected

CPU: total 12 (initial active 12) (12 cores per cpu, 2 threads per core) family 23 model 96 stepping 1 microcode 0x8600106, cx8, cmov, fxsr, ht, mmx, 3dnowpref, sse, sse2, sse3, ssse3, sse4a, sse4.1, sse4.2, popcnt, lzcnt, tsc, tscinvbit, avx, avx2, aes, clmul, bmi1, bmi2, adx, sha, fma, vzeroupper, clflush, clflushopt, hv, rdtscp, rdpid, f16c
Processor Information for the first 12 processors :
  Max Mhz: 3000, Current Mhz: 1700, Mhz Limit: 3000

Memory: 4k page, system-wide physical 7549M (206M free)
TotalPageFile size 31101M (AvailPageFile size 0M)
current process WorkingSet (physical memory assigned to process): 143M, peak: 143M
current process commit charge ("private bytes"): 285M, peak: 287M

vm_info: OpenJDK 64-Bit Server VM (21.0.12.1+1-LTS) for windows-amd64 JRE (21.0.12.1+1-LTS), built on 2026-08-18T00:00:00Z by "admin" with MS VC++ 17.12 (VS2022)

END.
